[INFO] Scanning for projects...
[INFO] 
[INFO] -----------------< br.com.redestudio:rede-studio-api >------------------
[INFO] Building rede-studio-api 1.0.0-SNAPSHOT
[INFO]   from pom.xml
[INFO] --------------------------------[ jar ]---------------------------------
[WARNING] The artifact io.quarkus:quarkus-junit5:jar:3.35.3 has been relocated to io.quarkus:quarkus-junit:jar:3.35.3: Update the artifactId in your project build file. Refer to https://github.com/quarkusio/quarkus/wiki/Migration-Guide-3.31 for more information.
[INFO] 
[INFO] --- resources:3.4.0:resources (default-resources) @ rede-studio-api ---
[INFO] Copying 1 resource from src/main/resources to target/classes
[INFO] 
[INFO] --- quarkus:3.35.3:generate-code (default) @ rede-studio-api ---
[INFO] 
[INFO] --- compiler:3.15.0:compile (default-compile) @ rede-studio-api ---
[INFO] Nothing to compile - all classes are up to date.
[INFO] ------------------------------------------------------------------------
[INFO] BUILD SUCCESS
[INFO] ------------------------------------------------------------------------
[INFO] Total time:  3.544 s
[INFO] Finished at: 2026-05-18T14:31:08-03:00
[INFO] ------------------------------------------------------------------------
